fjdlkfjdasf
fdsklfjdslkfdsf
dfdlkfjdlfk;df
dsfdsfjdsfkl;dsf
dfdsflkdsjfdasf
adsfdsklfljkljf;dsklfaf
dsfsdfjdasklfa
